2019-03-01 16:04:31.159  INFO 45456 --- [main] c.b.s.SrimpleSpringbootApplication       : Starting SrimpleSpringbootApplication on DESKTOP-32H5J66 with PID 45456 (D:\download\srimple-springboot\target\classes started by aaaa in D:\download\srimple-springboot)
2019-03-01 16:04:31.161  INFO 45456 --- [main] c.b.s.SrimpleSpringbootApplication       : No active profile set, falling back to default profiles: default
2019-03-01 16:04:31.753  INFO 45456 --- [main] .s.d.r.c.RepositoryConfigurationDelegate : Bootstrapping Spring Data repositories in DEFAULT mode.
2019-03-01 16:04:31.789  INFO 45456 --- [main] .s.d.r.c.RepositoryConfigurationDelegate : Finished Spring Data repository scanning in 31ms. Found 1 repository interfaces.
2019-03-01 16:04:31.993  INFO 45456 --- [main] trationDelegate$BeanPostProcessorChecker : Bean 'org.springframework.transaction.annotation.ProxyTransactionManagementConfiguration' of type [org.springframework.transaction.annotation.ProxyTransactionManagementConfiguration$$EnhancerBySpringCGLIB$$ec434066] is not eligible for getting processed by all BeanPostProcessors (for example: not eligible for auto-proxying)
2019-03-01 16:04:32.189  INFO 45456 --- [main] o.s.b.w.embedded.tomcat.TomcatWebServer  : Tomcat initialized with port(s): 8080 (http)
2019-03-01 16:04:32.204  INFO 45456 --- [main] o.apache.catalina.core.StandardService   : Starting service [Tomcat]
2019-03-01 16:04:32.204  INFO 45456 --- [main] org.apache.catalina.core.StandardEngine  : Starting Servlet engine: [Apache Tomcat/9.0.16]
2019-03-01 16:04:32.208  INFO 45456 --- [main] o.a.catalina.core.AprLifecycleListener   : The APR based Apache Tomcat Native library which allows optimal performance in production environments was not found on the java.library.path: [D:\Java\jdk1.8.0_202\bin;C:\Windows\Sun\Java\bin;C:\Windows\system32;C:\Windows;D:\Java\Xftp 6\;D:\Java\Xshell 6\;C:\Windows\system32;C:\Windows;C:\Windows\System32\Wbem;C:\Windows\System32\WindowsPowerShell\v1.0\;C:\Windows\System32\OpenSSH\;C:\Program Files\Git\cmd;C:\Users\aaaa\AppData\Local\Microsoft\WindowsApps;D:\Java\jdk1.8.0_202\bin;D:\Java\jdk1.8.0_202\jre\bin;D:\Java\apache-maven-3.6.0\bin;.]
2019-03-01 16:04:32.289  INFO 45456 --- [main] o.a.c.c.C.[Tomcat].[localhost].[/]       : Initializing Spring embedded WebApplicationContext
2019-03-01 16:04:32.289  INFO 45456 --- [main] o.s.web.context.ContextLoader            : Root WebApplicationContext: initialization completed in 1102 ms
2019-03-01 16:04:32.403  INFO 45456 --- [main] o.hibernate.jpa.internal.util.LogHelper  : HHH000204: Processing PersistenceUnitInfo [
	name: default
	...]
2019-03-01 16:04:32.494  INFO 45456 --- [main] org.hibernate.Version                    : HHH000412: Hibernate Core {5.3.7.Final}
2019-03-01 16:04:32.495  INFO 45456 --- [main] org.hibernate.cfg.Environment            : HHH000206: hibernate.properties not found
2019-03-01 16:04:32.578  INFO 45456 --- [main] o.hibernate.annotations.common.Version   : HCANN000001: Hibernate Commons Annotations {5.0.4.Final}
2019-03-01 16:04:32.656  INFO 45456 --- [main] com.zaxxer.hikari.HikariDataSource       : HikariPool-1 - Starting...
2019-03-01 16:04:32.720  INFO 45456 --- [main] com.zaxxer.hikari.HikariDataSource       : HikariPool-1 - Start completed.
2019-03-01 16:04:32.726  INFO 45456 --- [main] org.hibernate.dialect.Dialect            : HHH000400: Using dialect: org.hibernate.dialect.MySQL5Dialect
2019-03-01 16:04:33.096  INFO 45456 --- [main] j.LocalContainerEntityManagerFactoryBean : Initialized JPA EntityManagerFactory for persistence unit 'default'
2019-03-01 16:04:33.399  WARN 45456 --- [main] aWebConfiguration$JpaWebMvcConfiguration : spring.jpa.open-in-view is enabled by default. Therefore, database queries may be performed during view rendering. Explicitly configure spring.jpa.open-in-view to disable this warning
2019-03-01 16:04:33.547  INFO 45456 --- [main] o.s.s.concurrent.ThreadPoolTaskExecutor  : Initializing ExecutorService 'applicationTaskExecutor'
2019-03-01 16:04:33.612  INFO 45456 --- [main] o.s.b.a.w.s.WelcomePageHandlerMapping    : Adding welcome page template: index
2019-03-01 16:04:33.668  INFO 45456 --- [main] d.s.w.p.DocumentationPluginsBootstrapper : Context refreshed
2019-03-01 16:04:33.678  INFO 45456 --- [main] d.s.w.p.DocumentationPluginsBootstrapper : Found 1 custom documentation plugin(s)
2019-03-01 16:04:33.686  INFO 45456 --- [main] s.d.s.w.s.ApiListingReferenceScanner     : Scanning for api listing references
2019-03-01 16:04:33.815  INFO 45456 --- [main] o.s.b.w.embedded.tomcat.TomcatWebServer  : Tomcat started on port(s): 8080 (http) with context path ''
2019-03-01 16:04:33.817  INFO 45456 --- [main] c.b.s.SrimpleSpringbootApplication       : Started SrimpleSpringbootApplication in 2.897 seconds (JVM running for 3.373)
2019-03-01 16:04:48.372  INFO 45456 --- [http-nio-8080-exec-1] o.a.c.c.C.[Tomcat].[localhost].[/]       : Initializing Spring DispatcherServlet 'dispatcherServlet'
2019-03-01 16:04:48.372  INFO 45456 --- [http-nio-8080-exec-1] o.s.web.servlet.DispatcherServlet        : Initializing Servlet 'dispatcherServlet'
2019-03-01 16:04:48.377  INFO 45456 --- [http-nio-8080-exec-1] o.s.web.servlet.DispatcherServlet        : Completed initialization in 4 ms
2019-03-01 16:06:57.932  INFO 45456 --- [http-nio-8080-exec-5] o.h.h.i.QueryTranslatorFactoryInitiator  : HHH000397: Using ASTQueryTranslatorFactory
